
Run tests                                                                       
Unit tests are essention for success.                                           
                                                                                
Example: lets test                                                              
     
USAGE

    lets test [<test_name>] [--flags]  

