          
   ERROR  
          
  Unknown command "slef" for "lets"                                           
                                                                              
  Did you mean this?                                                          
      self                                                                    
  .                                                                           

  Try --help for usage.

